npm error Missing script: "build"
npm error
npm error To see a list of scripts, run:
npm error   npm run
npm error A complete log of this run can be found in: /Users/gabrielgreenstein/.npm/_logs/2025-11-22T15_35_22_520Z-debug-0.log
